Holland Street
Cars & Vans, Wellington Road
Watling Street
Hotelzimmer
Fat Man's Pub
Cars & Vans BÅro
WerkzeughÑndler
Polizeistation
Taxi
Kiosk
Kiosk, Fulham
Tante Emma Laden
Tante Emma Laden, South East, Waterloo
Juwelier
Juwelier, Oxford Street
Old Curiosity Shop
Old Curiosity Shop, Kensington Church Str.
Pink Villa
Pink Villa, Limehouse
Seniorenheim
Seniorenheim, Maida Vale
Highgate
Highgate, Highgate Cemetery
Grab von Karl Marx, Highgate Cemetery
Villa
Villa, Lillie Road, Chelsea
Kenwood House
Kenwood House, Hampstead Lane
Ham House
Ham House, Richmond
Osterly Park House
Osterly Park House, Isleworth
Chiswick House
Chiswick House, Turnham Green
Suterby's
Suterby's, Bond Street
British Museum
British Museum, Great Russel Street
Natural Museum
Natural Museum, Cromwell Road
National Galery
National Galery, Trafalgar Square
Victoria & Albert Museum
Victoria & Albert Museum, South Kensington
Bank of England
Bank of England, City of London
Tower of London
Tower of London, City of London
Ugley Dog Hotel
Walrus & the yellow shades
Cars & Vans Werkstatt
Cars & Vans Parkplatz
Mrs. Parker
Mr. Maloya
Mr. Pooly
Lambeth Road
Fat Man's Pub, Stanford Street
The End
Victoria Station
Polizei, BÅro
Kloster St. Christopher
Lisson Grove 17
Sabien Pardo
Southhampton
GefÑngnis
Starford Kaserne
Starford Kaserne, London
221 B Baker Street
221 B Baker Street, Regent's Park
Madame Tussaud
Madame Tussaud, Marylebone Road
Westminster Abbey
Westminster Abbey, Westminster
Downing Street 10
Downing Street 10, Whitehall
Postzug
Tate Gallery
Tate Gallery, Millbank
Buckingham Palace
Buckingham Palace, The Mall
Bulstrode Chemestry Ltd
Bulstrode Chemestry Ltd, Isle of Dogs
